Archive member included to satisfy reference by file (symbol)

c:/program files (x86)/gnu tools arm embedded/5.4 2016q3/bin/../lib/gcc/arm-none-eabi/5.4.1/armv6-m\libgcc.a(_udivsi3.o)
                              ./system/src/stm32f0-stdperiph/stm32f0xx_rcc.o (__aeabi_uidiv)
c:/program files (x86)/gnu tools arm embedded/5.4 2016q3/bin/../lib/gcc/arm-none-eabi/5.4.1/armv6-m\libgcc.a(_divsi3.o)
                              ./src/main.o (__aeabi_idiv)
c:/program files (x86)/gnu tools arm embedded/5.4 2016q3/bin/../lib/gcc/arm-none-eabi/5.4.1/armv6-m\libgcc.a(_dvmd_tls.o)
                              c:/program files (x86)/gnu tools arm embedded/5.4 2016q3/bin/../lib/gcc/arm-none-eabi/5.4.1/armv6-m\libgcc.a(_udivsi3.o) (__aeabi_idiv0)
c:/program files (x86)/gnu tools arm embedded/5.4 2016q3/bin/../lib/gcc/arm-none-eabi/5.4.1/armv6-m\libgcc.a(fixsfsi.o)
                              ./src/main.o (__aeabi_f2iz)
c:/program files (x86)/gnu tools arm embedded/5.4 2016q3/bin/../lib/gcc/arm-none-eabi/5.4.1/armv6-m\libgcc.a(floatsisf.o)
                              ./src/main.o (__aeabi_i2f)
c:/program files (x86)/gnu tools arm embedded/5.4 2016q3/bin/../lib/gcc/arm-none-eabi/5.4.1/armv6-m\libgcc.a(_clzsi2.o)
                              c:/program files (x86)/gnu tools arm embedded/5.4 2016q3/bin/../lib/gcc/arm-none-eabi/5.4.1/armv6-m\libgcc.a(floatsisf.o) (__clzsi2)
c:/program files (x86)/gnu tools arm embedded/5.4 2016q3/bin/../lib/gcc/arm-none-eabi/5.4.1/../../../../arm-none-eabi/lib/armv6-m\libg_nano.a(lib_a-errno.o)
                              ./system/src/newlib/_sbrk.o (__errno)
c:/program files (x86)/gnu tools arm embedded/5.4 2016q3/bin/../lib/gcc/arm-none-eabi/5.4.1/../../../../arm-none-eabi/lib/armv6-m\libg_nano.a(lib_a-impure.o)
                              c:/program files (x86)/gnu tools arm embedded/5.4 2016q3/bin/../lib/gcc/arm-none-eabi/5.4.1/../../../../arm-none-eabi/lib/armv6-m\libg_nano.a(lib_a-errno.o) (_impure_ptr)
c:/program files (x86)/gnu tools arm embedded/5.4 2016q3/bin/../lib/gcc/arm-none-eabi/5.4.1/../../../../arm-none-eabi/lib/armv6-m\libg_nano.a(lib_a-strlen.o)
                              ./system/src/diag/Trace.o (strlen)
c:/program files (x86)/gnu tools arm embedded/5.4 2016q3/bin/../lib/gcc/arm-none-eabi/5.4.1/../../../../arm-none-eabi/lib/armv6-m\libg_nano.a(lib_a-vsnprintf.o)
                              ./system/src/diag/Trace.o (vsnprintf)
c:/program files (x86)/gnu tools arm embedded/5.4 2016q3/bin/../lib/gcc/arm-none-eabi/5.4.1/../../../../arm-none-eabi/lib/armv6-m\libg_nano.a(lib_a-nano-svfprintf.o)
                              c:/program files (x86)/gnu tools arm embedded/5.4 2016q3/bin/../lib/gcc/arm-none-eabi/5.4.1/../../../../arm-none-eabi/lib/armv6-m\libg_nano.a(lib_a-vsnprintf.o) (_svfprintf_r)
c:/program files (x86)/gnu tools arm embedded/5.4 2016q3/bin/../lib/gcc/arm-none-eabi/5.4.1/../../../../arm-none-eabi/lib/armv6-m\libg_nano.a(lib_a-nano-vfprintf_i.o)
                              c:/program files (x86)/gnu tools arm embedded/5.4 2016q3/bin/../lib/gcc/arm-none-eabi/5.4.1/../../../../arm-none-eabi/lib/armv6-m\libg_nano.a(lib_a-nano-svfprintf.o) (_printf_i)
c:/program files (x86)/gnu tools arm embedded/5.4 2016q3/bin/../lib/gcc/arm-none-eabi/5.4.1/../../../../arm-none-eabi/lib/armv6-m\libg_nano.a(lib_a-memchr-stub.o)
                              c:/program files (x86)/gnu tools arm embedded/5.4 2016q3/bin/../lib/gcc/arm-none-eabi/5.4.1/../../../../arm-none-eabi/lib/armv6-m\libg_nano.a(lib_a-nano-svfprintf.o) (memchr)
c:/program files (x86)/gnu tools arm embedded/5.4 2016q3/bin/../lib/gcc/arm-none-eabi/5.4.1/../../../../arm-none-eabi/lib/armv6-m\libg_nano.a(lib_a-memcpy-stub.o)
                              c:/program files (x86)/gnu tools arm embedded/5.4 2016q3/bin/../lib/gcc/arm-none-eabi/5.4.1/../../../../arm-none-eabi/lib/armv6-m\libg_nano.a(lib_a-nano-svfprintf.o) (memcpy)
c:/program files (x86)/gnu tools arm embedded/5.4 2016q3/bin/../lib/gcc/arm-none-eabi/5.4.1/../../../../arm-none-eabi/lib/armv6-m\libg_nano.a(lib_a-memmove.o)
                              c:/program files (x86)/gnu tools arm embedded/5.4 2016q3/bin/../lib/gcc/arm-none-eabi/5.4.1/../../../../arm-none-eabi/lib/armv6-m\libg_nano.a(lib_a-nano-svfprintf.o) (memmove)
c:/program files (x86)/gnu tools arm embedded/5.4 2016q3/bin/../lib/gcc/arm-none-eabi/5.4.1/../../../../arm-none-eabi/lib/armv6-m\libg_nano.a(lib_a-nano-freer.o)
                              c:/program files (x86)/gnu tools arm embedded/5.4 2016q3/bin/../lib/gcc/arm-none-eabi/5.4.1/../../../../arm-none-eabi/lib/armv6-m\libg_nano.a(lib_a-nano-svfprintf.o) (_free_r)
c:/program files (x86)/gnu tools arm embedded/5.4 2016q3/bin/../lib/gcc/arm-none-eabi/5.4.1/../../../../arm-none-eabi/lib/armv6-m\libg_nano.a(lib_a-nano-mallocr.o)
[...]
Memory Configuration

Name             Origin             Length             Attributes
RAM              0x20000000         0x00002000         xrw
CCMRAM           0x00000000         0x00000000         xrw
FLASH            0x08000000         0x00008000         xr
FLASHB1          0x00000000         0x00000000         xr
EXTMEMB0         0x00000000         0x00000000         xr
EXTMEMB1         0x00000000         0x00000000         xr
EXTMEMB2         0x00000000         0x00000000         xr
EXTMEMB3         0x00000000         0x00000000         xr
MEMORY_ARRAY     0x00000000         0x00000000         xrw
*default*        0x00000000         0xffffffff

Linker script and memory map

LOAD ./system/src/stm32f0-stdperiph/stm32f0xx_exti.o
LOAD ./system/src/stm32f0-stdperiph/stm32f0xx_gpio.o
LOAD ./system/src/stm32f0-stdperiph/stm32f0xx_i2c.o
LOAD ./system/src/stm32f0-stdperiph/stm32f0xx_rcc.o
LOAD ./system/src/stm32f0-stdperiph/stm32f0xx_syscfg.o
LOAD ./system/src/stm32f0-stdperiph/stm32f0xx_tim.o
LOAD ./system/src/stm32f0-stdperiph/stm32f0xx_usart.o
LOAD ./system/src/newlib/_cxx.o
LOAD ./system/src/newlib/_exit.o
LOAD ./system/src/newlib/_sbrk.o
LOAD ./system/src/newlib/_startup.o
LOAD ./system/src/newlib/_syscalls.o
LOAD ./system/src/newlib/assert.o
LOAD ./system/src/diag/Trace.o
LOAD ./system/src/diag/trace_impl.o
LOAD ./system/src/cortexm/_initialize_hardware.o
LOAD ./system/src/cortexm/_reset_hardware.o
LOAD ./system/src/cortexm/exception_handlers.o
LOAD ./system/src/cmsis/system_stm32f0xx.o
LOAD ./system/src/cmsis/vectors_stm32f0xx.o
LOAD ./src/_write.o
LOAD ./src/main.o
LOAD c:/program files (x86)/gnu tools arm embedded/5.4 2016q3/bin/../lib/gcc/arm-none-eabi/5.4.1/../../../../arm-none-eabi/lib/armv6-m\libstdc++_nano.a
LOAD c:/program files (x86)/gnu tools arm embedded/5.4 2016q3/bin/../lib/gcc/arm-none-eabi/5.4.1/../../../../arm-none-eabi/lib/armv6-m\libm.a
START GROUP
LOAD c:/program files (x86)/gnu tools arm embedded/5.4 2016q3/bin/../lib/gcc/arm-none-eabi/5.4.1/armv6-m\libgcc.a
LOAD c:/program files (x86)/gnu tools arm embedded/5.4 2016q3/bin/../lib/gcc/arm-none-eabi/5.4.1/../../../../arm-none-eabi/lib/armv6-m\libg_nano.a
LOAD c:/program files (x86)/gnu tools arm embedded/5.4 2016q3/bin/../lib/gcc/arm-none-eabi/5.4.1/../../../../arm-none-eabi/lib/armv6-m\libc_nano.a
END GROUP
START GROUP
LOAD c:/program files (x86)/gnu tools arm embedded/5.4 2016q3/bin/../lib/gcc/arm-none-eabi/5.4.1/armv6-m\libgcc.a
LOAD c:/program files (x86)/gnu tools arm embedded/5.4 2016q3/bin/../lib/gcc/arm-none-eabi/5.4.1/../../../../arm-none-eabi/lib/armv6-m\libc_nano.a
END GROUP
                0x20002000                __stack = (ORIGIN (RAM) + LENGTH (RAM))
                0x20002000                _estack = __stack
                0x00000400                __Main_Stack_Size = 0x400
                [!provide]                PROVIDE (_Main_Stack_Size, __Main_Stack_Size)
                0x20001c00                __Main_Stack_Limit = (__stack - __Main_Stack_Size)
                [!provide]                PROVIDE (_Main_Stack_Limit, __Main_Stack_Limit)
                0x00000100                _Minimum_Stack_Size = 0x100
                0x2000019c                PROVIDE (_Heap_Begin, _end_noinit)
                0x20001c00                PROVIDE (_Heap_Limit, (__stack - __Main_Stack_Size))

.isr_vector     0x08000000      0x230
 FILL mask 0xff
                0x08000000                __vectors_start = ABSOLUTE (.)
                0x08000000                __vectors_start__ = ABSOLUTE (.)
 *(.isr_vector)
 .isr_vector    0x08000000       0xc4 ./system/src/cmsis/vectors_stm32f0xx.o
                0x08000000                g_pfnVectors
 *(.cfmconfig)
 *(.after_vectors .after_vectors.*)
 .after_vectors
                0x080000c4      0x118 ./system/src/newlib/_startup.o
                0x080000c4                _start
 .after_vectors
                0x080001dc       0x50 ./system/src/cortexm/exception_handlers.o
                0x080001dc                Reset_Handler
                0x080001e4                NMI_Handler
                0x080001e8                HardFault_Handler
                0x08000200                HardFault_Handler_C
                0x0800021c                SVC_Handler
                0x08000220                PendSV_Handler
                0x08000224                SysTick_Handler
 .after_vectors
                0x0800022c        0x4 ./system/src/cmsis/vectors_stm32f0xx.o
                0x0800022c                TIM1_CC_IRQHandler
                0x0800022c                TSC_IRQHandler
                0x0800022c                ADC1_COMP_IRQHandler
                0x0800022c                TIM6_IRQHandler
                0x0800022c                PVD_IRQHandler
                0x0800022c                I2C1_IRQHandler
                0x0800022c                RCC_CRS_IRQHandler
                0x0800022c                SPI1_IRQHandler
                0x0800022c                TIM6_DAC_IRQHandler
                0x0800022c                USART3_4_IRQHandler
                0x0800022c                ADC1_IRQHandler
                0x0800022c                USART3_6_IRQHandler
                0x0800022c                TIM17_IRQHandler
                0x0800022c                CEC_CAN_IRQHandler
                0x0800022c                RTC_IRQHandler
                0x0800022c                PVD_VDDIO2_IRQHandler
                0x0800022c                DMA1_Channel4_5_6_7_IRQHandler
                0x0800022c                TIM16_IRQHandler
                0x0800022c                TIM3_IRQHandler
                0x0800022c                RCC_IRQHandler
                0x0800022c                USART3_8_IRQHandler
                0x0800022c                DMA1_Channel1_IRQHandler
                0x0800022c                Default_Handler
                0x0800022c                CEC_IRQHandler
                0x0800022c                TIM14_IRQHandler
                0x0800022c                DMA1_Channel4_5_IRQHandler
                0x0800022c                TIM7_IRQHandler
                0x0800022c                TIM15_IRQHandler
                0x0800022c                USB_IRQHandler
                0x0800022c                SPI2_IRQHandler
                0x0800022c                DMA1_Ch2_3_DMA2_Ch1_2_IRQHandler
                0x0800022c                DMA1_Ch4_7_DMA2_Ch3_5_IRQHandler
                0x0800022c                TS_IRQHandler
                0x0800022c                WWDG_IRQHandler
                0x0800022c                TIM2_IRQHandler
                0x0800022c                DMA1_Channel2_3_IRQHandler
                0x0800022c                USART2_IRQHandler
                0x0800022c                VDDIO2_IRQHandler
                0x0800022c                FLASH_IRQHandler
                0x0800022c                USART1_IRQHandler

.inits          0x08000230       0x28
                0x08000230                __data_regions_array_start = .
                0x08000230        0x4 LONG 0x8003444 LOADADDR (.data)
                0x08000234        0x4 LONG 0x20000000 ADDR (.data)
                0x08000238        0x4 LONG 0x2000009c (ADDR (.data) + SIZEOF (.data))
                0x0800023c        0x4 LONG 0x8003444 LOADADDR (.data_CCMRAM)
                0x08000240        0x4 LONG 0x0 ADDR (.data_CCMRAM)
                0x08000244        0x4 LONG 0x0 (ADDR (.data_CCMRAM) + SIZEOF (.data_CCMRAM))
                0x08000248                __data_regions_array_end = .
                0x08000248                __bss_regions_array_start = .
                0x08000248        0x4 LONG 0x2000009c ADDR (.bss)
                0x0800024c        0x4 LONG 0x2000019c (ADDR (.bss) + SIZEOF (.bss))
                0x08000250        0x4 LONG 0x0 ADDR (.bss_CCMRAM)
                0x08000254        0x4 LONG 0x0 (ADDR (.bss_CCMRAM) + SIZEOF (.bss_CCMRAM))
                0x08000258                __bss_regions_array_end = .
 *(.init)
 *(.fini)
                0x08000258                . = ALIGN (0x4)
                0x08000258                PROVIDE (__preinit_array_start, .)
 *(.preinit_array_sysinit .preinit_array_sysinit.*)
 *(.preinit_array_platform .preinit_array_platform.*)
 *(.preinit_array .preinit_array.*)
                0x08000258                PROVIDE (__preinit_array_end, .)
                0x08000258                . = ALIGN (0x4)
                0x08000258                PROVIDE (__init_array_start, .)
 *(SORT(.init_array.*))
 *(.init_array)
                0x08000258                PROVIDE (__init_array_end, .)
                0x08000258                . = ALIGN (0x4)
                0x08000258                PROVIDE (__fini_array_start, .)
 *(SORT(.fini_array.*))
 *(.fini_array)
                0x08000258                PROVIDE (__fini_array_end, .)

.flashtext
 *(.flashtext .flashtext.*)

.text           0x08000258     0x31eb
 *(.text .text.*)
 .text.EXTI_Init
                0x08000258       0xcc ./system/src/stm32f0-stdperiph/stm32f0xx_exti.o
                0x08000258                EXTI_Init
 .text.EXTI_ClearFlag
                0x08000324       0x28 ./system/src/stm32f0-stdperiph/stm32f0xx_exti.o
                0x08000324                EXTI_ClearFlag
 .text.GPIO_Init
                0x0800034c      0x118 ./system/src/stm32f0-stdperiph/stm32f0xx_gpio.o
                0x0800034c                GPIO_Init
 .text.GPIO_SetBits
                0x08000464       0x60 ./system/src/stm32f0-stdperiph/stm32f0xx_gpio.o
                0x08000464                GPIO_SetBits
 .text.GPIO_ResetBits
                0x080004c4       0x60 ./system/src/stm32f0-stdperiph/stm32f0xx_gpio.o
                0x080004c4                GPIO_ResetBits
 .text.GPIO_PinAFConfig
                0x08000524       0x94 ./system/src/stm32f0-stdperiph/stm32f0xx_gpio.o
                0x08000524                GPIO_PinAFConfig
 .text.I2C_Init
                0x080005b8      0x10c ./system/src/stm32f0-stdperiph/stm32f0xx_i2c.o
                0x080005b8                I2C_Init
 .text.I2C_Cmd  0x080006c4       0x50 ./system/src/stm32f0-stdperiph/stm32f0xx_i2c.o
                0x080006c4                I2C_Cmd
 .text.I2C_ITConfig
                0x08000714       0x64 ./system/src/stm32f0-stdperiph/stm32f0xx_i2c.o
                0x08000714                I2C_ITConfig
 .text.I2C_SlaveAddressConfig
                0x08000778       0x50 ./system/src/stm32f0-stdperiph/stm32f0xx_i2c.o
                0x08000778                I2C_SlaveAddressConfig
 .text.I2C_AutoEndCmd
                0x080007c8       0x58 ./system/src/stm32f0-stdperiph/stm32f0xx_i2c.o
                0x080007c8                I2C_AutoEndCmd
 .text.I2C_NumberOfBytesConfig
                0x08000820       0x3c ./system/src/stm32f0-stdperiph/stm32f0xx_i2c.o
                0x08000820                I2C_NumberOfBytesConfig
 .text.I2C_MasterRequestConfig
                0x0800085c       0x60 ./system/src/stm32f0-stdperiph/stm32f0xx_i2c.o
                0x0800085c                I2C_MasterRequestConfig
 .text.I2C_GenerateSTART
                0x080008bc       0x58 ./system/src/stm32f0-stdperiph/stm32f0xx_i2c.o
                0x080008bc                I2C_GenerateSTART
 .text.I2C_SendData
                0x08000914       0x30 ./system/src/stm32f0-stdperiph/stm32f0xx_i2c.o
                0x08000914                I2C_SendData
 .text.I2C_ReceiveData
                0x08000944       0x30 ./system/src/stm32f0-stdperiph/stm32f0xx_i2c.o
                0x08000944                I2C_ReceiveData
 .text.I2C_GetFlagStatus
                0x08000974       0x9c ./system/src/stm32f0-stdperiph/stm32f0xx_i2c.o
                0x08000974                I2C_GetFlagStatus
 .text.I2C_GetITStatus
                0x08000a10       0xbc ./system/src/stm32f0-stdperiph/stm32f0xx_i2c.o
                0x08000a10                I2C_GetITStatus
 .text.RCC_GetClocksFreq
                0x08000acc      0x1f0 ./system/src/stm32f0-stdperiph/stm32f0xx_rcc.o
                0x08000acc                RCC_GetClocksFreq
 .text.RCC_AHBPeriphClockCmd
                0x08000cbc       0x50 ./system/src/stm32f0-stdperiph/stm32f0xx_rcc.o
                0x08000cbc                RCC_AHBPeriphClockCmd
 .text.RCC_APB2PeriphClockCmd
                0x08000d0c       0x50 ./system/src/stm32f0-stdperiph/stm32f0xx_rcc.o
                0x08000d0c                RCC_APB2PeriphClockCmd
 .text.RCC_APB1PeriphClockCmd
                0x08000d5c       0x50 ./system/src/stm32f0-stdperiph/stm32f0xx_rcc.o
                0x08000d5c                RCC_APB1PeriphClockCmd
 .text.RCC_AHBPeriphResetCmd
                0x08000dac       0x50 ./system/src/stm32f0-stdperiph/stm32f0xx_rcc.o
                0x08000dac                RCC_AHBPeriphResetCmd
 .text.RCC_APB2PeriphResetCmd
                0x08000dfc       0x50 ./system/src/stm32f0-stdperiph/stm32f0xx_rcc.o
                0x08000dfc                RCC_APB2PeriphResetCmd
 .text.RCC_APB1PeriphResetCmd
                0x08000e4c       0x50 ./system/src/stm32f0-stdperiph/stm32f0xx_rcc.o
                0x08000e4c                RCC_APB1PeriphResetCmd
 .text.SYSCFG_EXTILineConfig
                0x08000e9c       0x48 ./system/src/stm32f0-stdperiph/stm32f0xx_syscfg.o
                0x08000e9c                SYSCFG_EXTILineConfig
 .text.TIM_TimeBaseInit
                0x08000ee4      0x10c ./system/src/stm32f0-stdperiph/stm32f0xx_tim.o
                0x08000ee4                TIM_TimeBaseInit
 .text.TIM_Cmd  0x08000ff0       0x98 ./system/src/stm32f0-stdperiph/stm32f0xx_tim.o
                0x08000ff0                TIM_Cmd
 .text.TIM_ITConfig
                0x08001088       0xac ./system/src/stm32f0-stdperiph/stm32f0xx_tim.o
                0x08001088                TIM_ITConfig
 .text.TIM_ClearITPendingBit
                0x08001134       0x90 ./system/src/stm32f0-stdperiph/stm32f0xx_tim.o
                0x08001134                TIM_ClearITPendingBit
 .text.USART_Init
                0x080011c4      0x1dc ./system/src/stm32f0-stdperiph/stm32f0xx_usart.o
                0x080011c4                USART_Init
 .text.USART_Cmd
                0x080013a0       0x8c ./system/src/stm32f0-stdperiph/stm32f0xx_usart.o
                0x080013a0                USART_Cmd
 .text.USART_SendData
                0x0800142c       0x84 ./system/src/stm32f0-stdperiph/stm32f0xx_usart.o
                0x0800142c                USART_SendData
 .text.USART_GetFlagStatus
                0x080014b0      0x110 ./system/src/stm32f0-stdperiph/stm32f0xx_usart.o
                0x080014b0                USART_GetFlagStatus
 .text._exit    0x080015c0        0x4 ./system/src/newlib/_exit.o
                0x080015c0                _exit
 .text.abort    0x080015c4       0x14 ./system/src/newlib/_exit.o
                0x080015c4                abort
 .text._sbrk    0x080015d8       0x44 ./system/src/newlib/_sbrk.o
                0x080015d8                _sbrk
 .text.__initialize_args
                0x0800161c       0x10 ./system/src/newlib/_syscalls.o
                0x0800161c                __initialize_args
 .text.assert_failed
                0x0800162c       0x14 ./system/src/newlib/assert.o
                0x0800162c                assert_failed
 .text.trace_printf
                0x08001640       0x2c ./system/src/diag/Trace.o
                0x08001640                trace_printf
 .text.trace_puts
                0x0800166c       0x20 ./system/src/diag/Trace.o
                0x0800166c                trace_puts
 .text._trace_write_semihosting_debug
                0x0800168c       0x68 ./system/src/diag/trace_impl.o
 .text.trace_write
                0x080016f4        0x8 ./system/src/diag/trace_impl.o
                0x080016f4                trace_write
 .text.__initialize_hardware_early
                0x080016fc        0x8 ./system/src/cortexm/_initialize_hardware.o
                0x080016fc                __initialize_hardware_early
 .text.__initialize_hardware
                0x08001704        0x8 ./system/src/cortexm/_initialize_hardware.o
                0x08001704                __initialize_hardware
 .text.dumpExceptionStack
                0x0800170c       0x88 ./system/src/cortexm/exception_handlers.o
                0x0800170c                dumpExceptionStack
 .text.SetSysClock
                0x08001794       0xb0 ./system/src/cmsis/system_stm32f0xx.o
 .text.SystemInit
                0x08001844       0x64 ./system/src/cmsis/system_stm32f0xx.o
                0x08001844                SystemInit
 .text.SystemCoreClockUpdate
                0x080018a8       0x98 ./system/src/cmsis/system_stm32f0xx.o
                0x080018a8                SystemCoreClockUpdate
 .text.init_i2c
                0x08001940       0x94 ./src/main.o
                0x08001940                init_i2c
 .text.init_Pins
                0x080019d4       0x68 ./src/main.o
                0x080019d4                init_Pins
 .text.init_USART1
                0x08001a3c       0x7c ./src/main.o
                0x08001a3c                init_USART1
 .text.init_Timer1
                0x08001ab8       0x54 ./src/main.o
                0x08001ab8                init_Timer1
 .text.init_EXTI
                0x08001b0c       0x40 ./src/main.o
                0x08001b0c                init_EXTI
 .text.handleInterrupt
                0x08001b4c       0x9c ./src/main.o
                0x08001b4c                handleInterrupt
 .text.i2cWriteSetup
                0x08001be8       0x3c ./src/main.o
                0x08001be8                i2cWriteSetup
 .text.i2cReadSetup
                0x08001c24       0x34 ./src/main.o
                0x08001c24                i2cReadSetup
 .text.i2cWrite
                0x08001c58       0xb0 ./src/main.o
                0x08001c58                i2cWrite
 .text.init_MPU9150
                0x08001d08       0x94 ./src/main.o
                0x08001d08                init_MPU9150
 .text.determineOffset
                0x08001d9c       0x70 ./src/main.o
                0x08001d9c                determineOffset
 .text.monitorData
                0x08001e0c      0x230 ./src/main.o
                0x08001e0c                monitorData
 .text.main     0x0800203c       0x6c ./src/main.o
                0x0800203c                main
 .text.TIM1_BRK_UP_TRG_COM_IRQHandler
                0x080020a8       0x44 ./src/main.o
                0x080020a8                TIM1_BRK_UP_TRG_COM_IRQHandler
 .text.EXTI0_1_IRQHandler
                0x080020ec       0x4c ./src/main.o
                0x080020ec                EXTI0_1_IRQHandler
 .text.I2C2_IRQHandler
                0x08002138      0x320 ./src/main.o
                0x08002138                I2C2_IRQHandler
 .text.EXTI2_3_IRQHandler
                0x08002458       0x20 ./src/main.o
                0x08002458                EXTI2_3_IRQHandler
 .text.EXTI4_15_IRQHandler
                0x08002478       0x14 ./src/main.o
                0x08002478                EXTI4_15_IRQHandler
 .text          0x0800248c      0x114 c:/program files (x86)/gnu tools arm embedded/5.4 2016q3/bin/../lib/gcc/arm-none-eabi/5.4.1/armv6-m\libgcc.a(_udivsi3.o)
                0x0800248c                __aeabi_uidiv
                0x0800248c                __udivsi3
                0x08002598                __aeabi_uidivmod
 .text          0x080025a0      0x1d4 c:/program files (x86)/gnu tools arm embedded/5.4 2016q3/bin/../lib/gcc/arm-none-eabi/5.4.1/armv6-m\libgcc.a(_divsi3.o)
                0x080025a0                __divsi3
                0x080025a0                __aeabi_idiv
                0x0800276c                __aeabi_idivmod
 .text          0x08002774        0x4 c:/program files (x86)/gnu tools arm embedded/5.4 2016q3/bin/../lib/gcc/arm-none-eabi/5.4.1/armv6-m\libgcc.a(_dvmd_tls.o)
                0x08002774                __aeabi_idiv0
                0x08002774                __aeabi_ldiv0
 .text          0x08002778       0x44 c:/program files (x86)/gnu tools arm embedded/5.4 2016q3/bin/../lib/gcc/arm-none-eabi/5.4.1/armv6-m\libgcc.a(fixsfsi.o)
                0x08002778                __aeabi_f2iz
 .text          0x080027bc       0x90 c:/program files (x86)/gnu tools arm embedded/5.4 2016q3/bin/../lib/gcc/arm-none-eabi/5.4.1/armv6-m\libgcc.a(floatsisf.o)
                0x080027bc                __aeabi_i2f
 .text          0x0800284c       0x3c c:/program files (x86)/gnu tools arm embedded/5.4 2016q3/bin/../lib/gcc/arm-none-eabi/5.4.1/armv6-m\libgcc.a(_clzsi2.o)
                0x0800284c                __clzsi2
 .text.__errno  0x08002888        0xc c:/program files (x86)/gnu tools arm embedded/5.4 2016q3/bin/../lib/gcc/arm-none-eabi/5.4.1/../../../../arm-none-eabi/lib/armv6-m\libg_nano.a(lib_a-errno.o)
                0x08002888                __errno
 .text          0x08002894        0xe c:/program files (x86)/gnu tools arm embedded/5.4 2016q3/bin/../lib/gcc/arm-none-eabi/5.4.1/../../../../arm-none-eabi/lib/armv6-m\libg_nano.a(lib_a-strlen.o)
                0x08002894                strlen
 .text._vsnprintf_r
                0x080028a2       0x56 c:/program files (x86)/gnu tools arm embedded/5.4 2016q3/bin/../lib/gcc/arm-none-eabi/5.4.1/../../../../arm-none-eabi/lib/armv6-m\libg_nano.a(lib_a-vsnprintf.o)
                0x080028a2                _vsniprintf_r
                0x080028a2                _vsnprintf_r
 .text.vsnprintf
                0x080028f8       0x18 c:/program files (x86)/gnu tools arm embedded/5.4 2016q3/bin/../lib/gcc/arm-none-eabi/5.4.1/../../../../arm-none-eabi/lib/armv6-m\libg_nano.a(lib_a-vsnprintf.o)
                0x080028f8                vsniprintf
                0x080028f8                vsnprintf
 .text.__ssputs_r
                0x08002910       0xc4 c:/program files (x86)/gnu tools arm embedded/5.4 2016q3/bin/../lib/gcc/arm-none-eabi/5.4.1/../../../../arm-none-eabi/lib/armv6-m\libg_nano.a(lib_a-nano-svfprintf.o)
                0x08002910                __ssputs_r
 .text._svfprintf_r
                0x080029d4      0x1fc c:/program files (x86)/gnu tools arm embedded/5.4 2016q3/bin/../lib/gcc/arm-none-eabi/5.4.1/../../../../arm-none-eabi/lib/armv6-m\libg_nano.a(lib_a-nano-svfprintf.o)
                0x080029d4                _svfiprintf_r
                0x080029d4                _svfprintf_r
 .text._printf_common
                0x08002bd0       0xdc c:/program files (x86)/gnu tools arm embedded/5.4 2016q3/bin/../lib/gcc/arm-none-eabi/5.4.1/../../../../arm-none-eabi/lib/armv6-m\libg_nano.a(lib_a-nano-vfprintf_i.o)
                0x08002bd0                _printf_common
 .text._printf_i
                0x08002cac      0x244 c:/program files (x86)/gnu tools arm embedded/5.4 2016q3/bin/../lib/gcc/arm-none-eabi/5.4.1/../../../../arm-none-eabi/lib/armv6-m\libg_nano.a(lib_a-nano-vfprintf_i.o)
                0x08002cac                _printf_i
 .text.memchr   0x08002ef0       0x16 c:/program files (x86)/gnu tools arm embedded/5.4 2016q3/bin/../lib/gcc/arm-none-eabi/5.4.1/../../../../arm-none-eabi/lib/armv6-m\libg_nano.a(lib_a-memchr-stub.o)
                0x08002ef0                memchr
 .text.memcpy   0x08002f06       0x12 c:/program files (x86)/gnu tools arm embedded/5.4 2016q3/bin/../lib/gcc/arm-none-eabi/5.4.1/../../../../arm-none-eabi/lib/armv6-m\libg_nano.a(lib_a-memcpy-stub.o)
                0x08002f06                memcpy
 .text.memmove  0x08002f18       0x2a c:/program files (x86)/gnu tools arm embedded/5.4 2016q3/bin/../lib/gcc/arm-none-eabi/5.4.1/../../../../arm-none-eabi/lib/armv6-m\libg_nano.a(lib_a-memmove.o)
                0x08002f18                memmove
 *fill*         0x08002f42        0x2 
 .text._free_r  0x08002f44       0x98 c:/program files (x86)/gnu tools arm embedded/5.4 2016q3/bin/../lib/gcc/arm-none-eabi/5.4.1/../../../../arm-none-eabi/lib/armv6-m\libg_nano.a(lib_a-nano-freer.o)
                0x08002f44                _free_r
 .text._malloc_r
                0x08002fdc       0xc0 c:/program files (x86)/gnu tools arm embedded/5.4 2016q3/bin/../lib/gcc/arm-none-eabi/5.4.1/../../../../arm-none-eabi/lib/armv6-m\libg_nano.a(lib_a-nano-mallocr.o)
                0x08002fdc                _malloc_r
 .text._realloc_r
                0x0800309c       0x4c c:/program files (x86)/gnu tools arm embedded/5.4 2016q3/bin/../lib/gcc/arm-none-eabi/5.4.1/../../../../arm-none-eabi/lib/armv6-m\libg_nano.a(lib_a-nano-reallocr.o)
                0x0800309c                _realloc_r
 .text._sbrk_r  0x080030e8       0x24 c:/program files (x86)/gnu tools arm embedded/5.4 2016q3/bin/../lib/gcc/arm-none-eabi/5.4.1/../../../../arm-none-eabi/lib/armv6-m\libg_nano.a(lib_a-sbrkr.o)
                0x080030e8                _sbrk_r
 .text.__malloc_lock
                0x0800310c        0x2 c:/program files (x86)/gnu tools arm embedded/5.4 2016q3/bin/../lib/gcc/arm-none-eabi/5.4.1/../../../../arm-none-eabi/lib/armv6-m\libg_nano.a(lib_a-mlock.o)
                0x0800310c                __malloc_lock
 .text.__malloc_unlock
                0x0800310e        0x2 c:/program files (x86)/gnu tools arm embedded/5.4 2016q3/bin/../lib/gcc/arm-none-eabi/5.4.1/../../../../arm-none-eabi/lib/armv6-m\libg_nano.a(lib_a-mlock.o)
                0x0800310e                __malloc_unlock
 .text._malloc_usable_size_r
                0x08003110       0x16 c:/program files (x86)/gnu tools arm embedded/5.4 2016q3/bin/../lib/gcc/arm-none-eabi/5.4.1/../../../../arm-none-eabi/lib/armv6-m\libg_nano.a(lib_a-nano-msizer.o)
                0x08003110                _malloc_usable_size_r
 *(.rodata .rodata.* .constdata .constdata.*)
 *fill*         0x08003126        0x2 
 .rodata.str1.4
                0x08003128       0x31 ./system/src/stm32f0-stdperiph/stm32f0xx_exti.o
 *fill*         0x08003159        0x3 
 .rodata.str1.4
                0x0800315c       0x31 ./system/src/stm32f0-stdperiph/stm32f0xx_gpio.o
 *fill*         0x0800318d        0x3 
 .rodata.str1.4
                0x08003190       0x30 ./system/src/stm32f0-stdperiph/stm32f0xx_i2c.o
 .rodata.str1.4
                0x080031c0       0x30 ./system/src/stm32f0-stdperiph/stm32f0xx_rcc.o
 .rodata.str1.4
                0x080031f0       0x33 ./system/src/stm32f0-stdperiph/stm32f0xx_syscfg.o
 *fill*         0x08003223        0x1 
 .rodata.str1.4
                0x08003224       0x30 ./system/src/stm32f0-stdperiph/stm32f0xx_tim.o
 .rodata.str1.4
                0x08003254       0x32 ./system/src/stm32f0-stdperiph/stm32f0xx_usart.o
 *fill*         0x08003286        0x2 
 .rodata.str1.4
                0x08003288       0x14 ./system/src/newlib/_exit.o
 .rodata.str1.4
                0x0800329c       0x6b ./system/src/newlib/assert.o
                                 0x6f (size before relaxing)
 *fill*         0x08003307        0x1 
 .rodata.str1.4
                0x08003308       0x29 ./system/src/diag/Trace.o
                                 0x2d (size before relaxing)
 *fill*         0x08003331        0x3 
 .rodata.str1.4
                0x08003334       0xc0 ./system/src/cortexm/exception_handlers.o
                                 0xbd (size before relaxing)
 .rodata.I2C2_IRQHandler
                0x080033f4       0x1c ./src/main.o
 .rodata.str1.1
                0x08003410       0x11 c:/program files (x86)/gnu tools arm embedded/5.4 2016q3/bin/../lib/gcc/arm-none-eabi/5.4.1/../../../../arm-none-eabi/lib/armv6-m\libg_nano.a(lib_a-nano-svfprintf.o)
 .rodata.str1.1
                0x08003421       0x22 c:/program files (x86)/gnu tools arm embedded/5.4 2016q3/bin/../lib/gcc/arm-none-eabi/5.4.1/../../../../arm-none-eabi/lib/armv6-m\libg_nano.a(lib_a-nano-vfprintf_i.o)
 *(vtable)
 *(.eh_frame*)
 *(.glue_7)
 .glue_7        0x08003443        0x0 linker stubs
 *(.glue_7t)
 .glue_7t       0x08003443        0x0 linker stubs

.vfp11_veneer   0x08003444        0x0
 .vfp11_veneer  0x08003444        0x0 linker stubs

.v4_bx          0x08003444        0x0
 .v4_bx         0x08003444        0x0 linker stubs

.iplt           0x08003444        0x0
 .iplt          0x08003444        0x0 ./system/src/stm32f0-stdperiph/stm32f0xx_exti.o

.rel.dyn        0x08003444        0x0
 .rel.iplt      0x08003444        0x0 ./system/src/stm32f0-stdperiph/stm32f0xx_exti.o

.ARM.extab
 *(.ARM.extab* .gnu.linkonce.armextab.*)
                0x08003444                . = ALIGN (0x4)
                0x08003444                __exidx_start = .

.ARM.exidx
 *(.ARM.exidx* .gnu.linkonce.armexidx.*)
                0x08003444                __exidx_end = .
                0x08003444                . = ALIGN (0x4)
                0x08003444                _etext = .
                0x08003444                __etext = .

.data_CCMRAM    0x00000000        0x0 load address 0x08003444
 FILL mask 0xff
 *(.data.CCMRAM .data.CCMRAM.*)
                0x00000000                . = ALIGN (0x4)
                0x08003444                _sidata = LOADADDR (.data)

.data           0x20000000       0x9c load address 0x08003444
 FILL mask 0xff
                0x20000000                _sdata = .
                0x20000000                __data_start__ = .
 *(.data_begin .data_begin.*)
 .data_begin    0x20000000        0x4 ./system/src/newlib/_startup.o
 *(.data .data.*)
 .data.APBAHBPrescTable
                0x20000004       0x10 ./system/src/stm32f0-stdperiph/stm32f0xx_rcc.o
 .data.argv.4290
                0x20000014        0x8 ./system/src/newlib/_syscalls.o
 .data.AHBPrescTable
                0x2000001c       0x10 ./system/src/cmsis/system_stm32f0xx.o
                0x2000001c                AHBPrescTable
 .data.SystemCoreClock
                0x2000002c        0x4 ./system/src/cmsis/system_stm32f0xx.o
                0x2000002c                SystemCoreClock
 .data.programState
                0x20000030        0x1 ./src/main.o
                0x20000030                programState
 *fill*         0x20000031        0x3 ff
 .data.impure_data
                0x20000034       0x60 c:/program files (x86)/gnu tools arm embedded/5.4 2016q3/bin/../lib/gcc/arm-none-eabi/5.4.1/../../../../arm-none-eabi/lib/armv6-m\libg_nano.a(lib_a-impure.o)
 .data._impure_ptr
                0x20000094        0x4 c:/program files (x86)/gnu tools arm embedded/5.4 2016q3/bin/../lib/gcc/arm-none-eabi/5.4.1/../../../../arm-none-eabi/lib/armv6-m\libg_nano.a(lib_a-impure.o)
                0x20000094                _impure_ptr
 *(.data_end .data_end.*)
 .data_end      0x20000098        0x4 ./system/src/newlib/_startup.o
                0x2000009c                . = ALIGN (0x4)
                0x2000009c                _edata = .
                0x2000009c                __data_end__ = .

.igot.plt       0x2000009c        0x0 load address 0x080034e0
 .igot.plt      0x2000009c        0x0 ./system/src/stm32f0-stdperiph/stm32f0xx_exti.o

.bss_CCMRAM     0x00000000        0x0
 *(.bss.CCMRAM .bss.CCMRAM.*)

.bss            0x2000009c      0x100
                0x2000009c                __bss_start__ = .
                0x2000009c                _sbss = .
 *(.bss_begin .bss_begin.*)
 .bss_begin     0x2000009c        0x4 ./system/src/newlib/_startup.o
 *(.bss .bss.*)
 .bss.current_heap_end.3974
                0x200000a0        0x4 ./system/src/newlib/_sbrk.o
 .bss.name.4289
                0x200000a4        0x1 ./system/src/newlib/_syscalls.o
 *fill*         0x200000a5        0x3 
 .bss.buf.5179  0x200000a8       0x80 ./system/src/diag/Trace.o
 .bss.gyroXoutL
                0x20000128        0x3 ./src/main.o
                0x20000128                gyroXoutL
 .bss.readCount
                0x2000012b        0x1 ./src/main.o
                0x2000012b                readCount
 .bss.progState
                0x2000012c        0x1 ./src/main.o
                0x2000012c                progState
 .bss.inertialData
                0x2000012d        0x1 ./src/main.o
                0x2000012d                inertialData
 *fill*         0x2000012e        0x2 
 .bss.gyroOffset
                0x20000130        0x6 ./src/main.o
                0x20000130                gyroOffset
 *fill*         0x20000136        0x2 
 .bss.gyroYoutH
                0x20000138        0x3 ./src/main.o
                0x20000138                gyroYoutH
 *fill*         0x2000013b        0x1 
 .bss.gyroZoutH
                0x2000013c        0x3 ./src/main.o
                0x2000013c                gyroZoutH
 *fill*         0x2000013f        0x1 
 .bss.gyroDataSetCounter
                0x20000140        0x2 ./src/main.o
                0x20000140                gyroDataSetCounter
 *fill*         0x20000142        0x2 
 .bss.gyroYoutL
                0x20000144        0x3 ./src/main.o
                0x20000144                gyroYoutL
 *fill*         0x20000147        0x1 
 .bss.initialDataSumOld
                0x20000148        0xc ./src/main.o
                0x20000148                initialDataSumOld
 .bss.initialDataSumNew
                0x20000154        0xc ./src/main.o
                0x20000154                initialDataSumNew
 .bss.offsetState
                0x20000160        0x1 ./src/main.o
                0x20000160                offsetState
 .bss.targetPos
                0x20000161        0x1 ./src/main.o
                0x20000161                targetPos
 *fill*         0x20000162        0x2 
 .bss.gyroZoutL
                0x20000164        0x3 ./src/main.o
                0x20000164                gyroZoutL
 .bss.gyroReadyState
                0x20000167        0x1 ./src/main.o
                0x20000167                gyroReadyState
 .bss.gyroDataXT
                0x20000168        0x2 ./src/main.o
                0x20000168                gyroDataXT
 .bss.intStatus
                0x2000016a        0x1 ./src/main.o
                0x2000016a                intStatus
 *fill*         0x2000016b        0x1 
 .bss.datasetCounter
                0x2000016c        0x4 ./src/main.o
                0x2000016c                datasetCounter
 .bss.gyroDataYT
                0x20000170        0x2 ./src/main.o
                0x20000170                gyroDataYT
 .bss.i2cState  0x20000172        0x1 ./src/main.o
                0x20000172                i2cState
 *fill*         0x20000173        0x1 
 .bss.gyroDataZT
                0x20000174        0x2 ./src/main.o
                0x20000174                gyroDataZT
 *fill*         0x20000176        0x2 
 .bss.gyroXoutH
                0x20000178        0x3 ./src/main.o
                0x20000178                gyroXoutH
 .bss.i2cError  0x2000017b        0x1 ./src/main.o
                0x2000017b                i2cError
 .bss.__malloc_sbrk_start
                0x2000017c        0x4 c:/program files (x86)/gnu tools arm embedded/5.4 2016q3/bin/../lib/gcc/arm-none-eabi/5.4.1/../../../../arm-none-eabi/lib/armv6-m\libg_nano.a(lib_a-nano-mallocr.o)
                0x2000017c                __malloc_sbrk_start
 .bss.__malloc_free_list
                0x20000180        0x4 c:/program files (x86)/gnu tools arm embedded/5.4 2016q3/bin/../lib/gcc/arm-none-eabi/5.4.1/../../../../arm-none-eabi/lib/armv6-m\libg_nano.a(lib_a-nano-mallocr.o)
                0x20000180                __malloc_free_list
 *(COMMON)
 COMMON         0x20000184        0x4 ./system/src/newlib/_syscalls.o
                0x20000184                errno
 COMMON         0x20000188       0x10 ./src/main.o
                0x20000188                w
 *(.bss_end .bss_end.*)
 .bss_end       0x20000198        0x4 ./system/src/newlib/_startup.o
                0x2000019c                . = ALIGN (0x4)
                0x2000019c                __bss_end__ = .
                0x2000019c                _ebss = .

.noinit_CCMRAM
 *(.noinit.CCMRAM .noinit.CCMRAM.*)

.noinit         0x2000019c        0x0
                0x2000019c                _noinit = .
 *(.noinit .noinit.*)
                0x2000019c                . = ALIGN (0x4)
                0x2000019c                _end_noinit = .
                [!provide]                PROVIDE (end, _end_noinit)
                [!provide]                PROVIDE (_end, _end_noinit)
                [!provide]                PROVIDE (__end, _end_noinit)
                [!provide]                PROVIDE (__end__, _end_noinit)

._check_stack   0x2000019c      0x100
                0x2000029c                . = (. + _Minimum_Stack_Size)
 *fill*         0x2000019c      0x100 

.b1text
 *(.b1text)
 *(.b1rodata)
 *(.b1rodata.*)

.eb0text
 *(.eb0text)
 *(.eb0rodata)
 *(.eb0rodata.*)

.eb1text
 *(.eb1text)
 *(.eb1rodata)
 *(.eb1rodata.*)

.eb2text
 *(.eb2text)
 *(.eb2rodata)
 *(.eb2rodata.*)

.eb3text
 *(.eb3text)
 *(.eb3rodata)
 *(.eb3rodata.*)

.stab
 *(.stab)

.stabstr
 *(.stabstr)

.stab.excl
 *(.stab.excl)

.stab.exclstr
 *(.stab.exclstr)

.stab.index
 *(.stab.index)

.stab.indexstr
 *(.stab.indexstr)

.comment        0x00000000       0x6e
 *(.comment)
 .comment       0x00000000       0x6e ./system/src/stm32f0-stdperiph/stm32f0xx_exti.o
                                 0x6f (size before relaxing)
 .comment       0x0000006e       0x6f ./system/src/stm32f0-stdperiph/stm32f0xx_gpio.o
 .comment       0x0000006e       0x6f ./system/src/stm32f0-stdperiph/stm32f0xx_i2c.o
 .comment       0x0000006e       0x6f ./system/src/stm32f0-stdperiph/stm32f0xx_rcc.o
 .comment       0x0000006e       0x6f ./system/src/stm32f0-stdperiph/stm32f0xx_syscfg.o
 .comment       0x0000006e       0x6f ./system/src/stm32f0-stdperiph/stm32f0xx_tim.o
 .comment       0x0000006e       0x6f ./system/src/stm32f0-stdperiph/stm32f0xx_usart.o
 .comment       0x0000006e       0x6f ./system/src/newlib/_exit.o
 .comment       0x0000006e       0x6f ./system/src/newlib/_sbrk.o
 .comment       0x0000006e       0x6f ./system/src/newlib/_startup.o
 .comment       0x0000006e       0x6f ./system/src/newlib/_syscalls.o
 .comment       0x0000006e       0x6f ./system/src/newlib/assert.o
 .comment       0x0000006e       0x6f ./system/src/diag/Trace.o
 .comment       0x0000006e       0x6f ./system/src/diag/trace_impl.o
 .comment       0x0000006e       0x6f ./system/src/cortexm/_initialize_hardware.o
 .comment       0x0000006e       0x6f ./system/src/cortexm/exception_handlers.o
 .comment       0x0000006e       0x6f ./system/src/cmsis/system_stm32f0xx.o
 .comment       0x0000006e       0x6f ./system/src/cmsis/vectors_stm32f0xx.o
 .comment       0x0000006e       0x6f ./src/main.o

.ARM.attributes
                0x00000000       0x2f
 .ARM.attributes
                0x00000000       0x31 ./system/src/stm32f0-stdperiph/stm32f0xx_exti.o
 .ARM.attributes
                0x00000031       0x31 ./system/src/stm32f0-stdperiph/stm32f0xx_gpio.o
 .ARM.attributes
                0x00000062       0x31 ./system/src/stm32f0-stdperiph/stm32f0xx_i2c.o
 .ARM.attributes
                0x00000093       0x31 ./system/src/stm32f0-stdperiph/stm32f0xx_rcc.o
 .ARM.attributes
                0x000000c4       0x31 ./system/src/stm32f0-stdperiph/stm32f0xx_syscfg.o
 .ARM.attributes
                0x000000f5       0x31 ./system/src/stm32f0-stdperiph/stm32f0xx_tim.o
 .ARM.attributes
                0x00000126       0x31 ./system/src/stm32f0-stdperiph/stm32f0xx_usart.o
 .ARM.attributes
                0x00000157       0x31 ./system/src/newlib/_exit.o
 .ARM.attributes
                0x00000188       0x31 ./system/src/newlib/_sbrk.o
 .ARM.attributes
                0x000001b9       0x31 ./system/src/newlib/_startup.o
 .ARM.attributes
                0x000001ea       0x31 ./system/src/newlib/_syscalls.o
 .ARM.attributes
                0x0000021b       0x31 ./system/src/newlib/assert.o
 .ARM.attributes
                0x0000024c       0x31 ./system/src/diag/Trace.o
 .ARM.attributes
                0x0000027d       0x31 ./system/src/diag/trace_impl.o
 .ARM.attributes
                0x000002ae       0x31 ./system/src/cortexm/_initialize_hardware.o
 .ARM.attributes
                0x000002df       0x31 ./system/src/cortexm/exception_handlers.o
 .ARM.attributes
                0x00000310       0x31 ./system/src/cmsis/system_stm32f0xx.o
 .ARM.attributes
                0x00000341       0x31 ./system/src/cmsis/vectors_stm32f0xx.o
 .ARM.attributes
                0x00000372       0x31 ./src/main.o
 .ARM.attributes
                0x000003a3       0x1e c:/program files (x86)/gnu tools arm embedded/5.4 2016q3/bin/../lib/gcc/arm-none-eabi/5.4.1/armv6-m\libgcc.a(_udivsi3.o)
 .ARM.attributes
                0x000003c1       0x1e c:/program files (x86)/gnu tools arm embedded/5.4 2016q3/bin/../lib/gcc/arm-none-eabi/5.4.1/armv6-m\libgcc.a(_divsi3.o)
 .ARM.attributes
                0x000003df       0x1e c:/program files (x86)/gnu tools arm embedded/5.4 2016q3/bin/../lib/gcc/arm-none-eabi/5.4.1/armv6-m\libgcc.a(_dvmd_tls.o)
 .ARM.attributes
                0x000003fd       0x2c c:/program files (x86)/gnu tools arm embedded/5.4 2016q3/bin/../lib/gcc/arm-none-eabi/5.4.1/armv6-m\libgcc.a(fixsfsi.o)
 .ARM.attributes
                0x00000429       0x2c c:/program files (x86)/gnu tools arm embedded/5.4 2016q3/bin/../lib/gcc/arm-none-eabi/5.4.1/armv6-m\libgcc.a(floatsisf.o)
 .ARM.attributes
                0x00000455       0x1e c:/program files (x86)/gnu tools arm embedded/5.4 2016q3/bin/../lib/gcc/arm-none-eabi/5.4.1/armv6-m\libgcc.a(_clzsi2.o)
 .ARM.attributes
                0x00000473       0x2c c:/program files (x86)/gnu tools arm embedded/5.4 2016q3/bin/../lib/gcc/arm-none-eabi/5.4.1/../../../../arm-none-eabi/lib/armv6-m\libg_nano.a(lib_a-errno.o)
 .ARM.attributes
                0x0000049f       0x2c c:/program files (x86)/gnu tools arm embedded/5.4 2016q3/bin/../lib/gcc/arm-none-eabi/5.4.1/../../../../arm-none-eabi/lib/armv6-m\libg_nano.a(lib_a-impure.o)
 .ARM.attributes
                0x000004cb       0x1c c:/program files (x86)/gnu tools arm embedded/5.4 2016q3/bin/../lib/gcc/arm-none-eabi/5.4.1/../../../../arm-none-eabi/lib/armv6-m\libg_nano.a(lib_a-strlen.o)
 .ARM.attributes
                0x000004e7       0x2c c:/program files (x86)/gnu tools arm embedded/5.4 2016q3/bin/../lib/gcc/arm-none-eabi/5.4.1/../../../../arm-none-eabi/lib/armv6-m\libg_nano.a(lib_a-vsnprintf.o)
 .ARM.attributes
                0x00000513       0x2c c:/program files (x86)/gnu tools arm embedded/5.4 2016q3/bin/../lib/gcc/arm-none-eabi/5.4.1/../../../../arm-none-eabi/lib/armv6-m\libg_nano.a(lib_a-nano-svfprintf.o)
 .ARM.attributes
                0x0000053f       0x2c c:/program files (x86)/gnu tools arm embedded/5.4 2016q3/bin/../lib/gcc/arm-none-eabi/5.4.1/../../../../arm-none-eabi/lib/armv6-m\libg_nano.a(lib_a-nano-vfprintf_i.o)
 .ARM.attributes
                0x0000056b       0x2c c:/program files (x86)/gnu tools arm embedded/5.4 2016q3/bin/../lib/gcc/arm-none-eabi/5.4.1/../../../../arm-none-eabi/lib/armv6-m\libg_nano.a(lib_a-memchr-stub.o)
 .ARM.attributes
                0x00000597       0x2c c:/program files (x86)/gnu tools arm embedded/5.4 2016q3/bin/../lib/gcc/arm-none-eabi/5.4.1/../../../../arm-none-eabi/lib/armv6-m\libg_nano.a(lib_a-memcpy-stub.o)
 .ARM.attributes
                0x000005c3       0x2c c:/program files (x86)/gnu tools arm embedded/5.4 2016q3/bin/../lib/gcc/arm-none-eabi/5.4.1/../../../../arm-none-eabi/lib/armv6-m\libg_nano.a(lib_a-memmove.o)
 .ARM.attributes
                0x000005ef       0x2c c:/program files (x86)/gnu tools arm embedded/5.4 2016q3/bin/../lib/gcc/arm-none-eabi/5.4.1/../../../../arm-none-eabi/lib/armv6-m\libg_nano.a(lib_a-nano-freer.o)
 .ARM.attributes
                0x0000061b       0x2c c:/program files (x86)/gnu tools arm embedded/5.4 2016q3/bin/../lib/gcc/arm-none-eabi/5.4.1/../../../../arm-none-eabi/lib/armv6-m\libg_nano.a(lib_a-nano-mallocr.o)
 .ARM.attributes
                0x00000647       0x2c c:/program files (x86)/gnu tools arm embedded/5.4 2016q3/bin/../lib/gcc/arm-none-eabi/5.4.1/../../../../arm-none-eabi/lib/armv6-m\libg_nano.a(lib_a-nano-reallocr.o)
 .ARM.attributes
                0x00000673       0x2c c:/program files (x86)/gnu tools arm embedded/5.4 2016q3/bin/../lib/gcc/arm-none-eabi/5.4.1/../../../../arm-none-eabi/lib/armv6-m\libg_nano.a(lib_a-sbrkr.o)
 .ARM.attributes
                0x0000069f       0x2c c:/program files (x86)/gnu tools arm embedded/5.4 2016q3/bin/../lib/gcc/arm-none-eabi/5.4.1/../../../../arm-none-eabi/lib/armv6-m\libg_nano.a(lib_a-mlock.o)
 .ARM.attributes
                0x000006cb       0x2c c:/program files (x86)/gnu tools arm embedded/5.4 2016q3/bin/../lib/gcc/arm-none-eabi/5.4.1/../../../../arm-none-eabi/lib/armv6-m\libg_nano.a(lib_a-nano-msizer.o)

.debug
 *(.debug)

.line
 *(.line)

.debug_srcinfo
 *(.debug_srcinfo)

.debug_sfnames
 *(.debug_sfnames)

.debug_aranges  0x00000000      0xb70
 *(.debug_aranges)
 .debug_aranges
                0x00000000       0x58 ./system/src/stm32f0-stdperiph/stm32f0xx_exti.o
 .debug_aranges
                0x00000058       0x80 ./system/src/stm32f0-stdperiph/stm32f0xx_gpio.o
 .debug_aranges
                0x000000d8      0x168 ./system/src/stm32f0-stdperiph/stm32f0xx_i2c.o
 .debug_aranges
                0x00000240      0x160 ./system/src/stm32f0-stdperiph/stm32f0xx_rcc.o
 .debug_aranges
                0x000003a0       0x68 ./system/src/stm32f0-stdperiph/stm32f0xx_syscfg.o
 .debug_aranges
                0x00000408      0x300 ./system/src/stm32f0-stdperiph/stm32f0xx_tim.o
 .debug_aranges
                0x00000708      0x1a0 ./system/src/stm32f0-stdperiph/stm32f0xx_usart.o
 .debug_aranges
                0x000008a8       0x28 ./system/src/newlib/_exit.o
 .debug_aranges
                0x000008d0       0x20 ./system/src/newlib/_sbrk.o
 .debug_aranges
                0x000008f0       0x40 ./system/src/newlib/_startup.o
 .debug_aranges
                0x00000930       0x30 ./system/src/newlib/_syscalls.o
 .debug_aranges
                0x00000960       0x28 ./system/src/newlib/assert.o
 .debug_aranges
                0x00000988       0x38 ./system/src/diag/Trace.o
 .debug_aranges
                0x000009c0       0x30 ./system/src/diag/trace_impl.o
 .debug_aranges
                0x000009f0       0x28 ./system/src/cortexm/_initialize_hardware.o
 .debug_aranges
                0x00000a18       0x58 ./system/src/cortexm/exception_handlers.o
 .debug_aranges
                0x00000a70       0x30 ./system/src/cmsis/system_stm32f0xx.o
 .debug_aranges
                0x00000aa0       0x20 ./system/src/cmsis/vectors_stm32f0xx.o
 .debug_aranges
                0x00000ac0       0xb0 ./src/main.o

.debug_pubnames
 *(.debug_pubnames)

.debug_info     0x00000000     0xc619
 *(.debug_info .gnu.linkonce.wi.*)
 .debug_info    0x00000000      0x436 ./system/src/stm32f0-stdperiph/stm32f0xx_exti.o
 .debug_info    0x00000436      0xa05 ./system/src/stm32f0-stdperiph/stm32f0xx_gpio.o
 .debug_info    0x00000e3b     0x15ab ./system/src/stm32f0-stdperiph/stm32f0xx_i2c.o
 .debug_info    0x000023e6      0xf29 ./system/src/stm32f0-stdperiph/stm32f0xx_rcc.o
 .debug_info    0x0000330f      0x48d ./system/src/stm32f0-stdperiph/stm32f0xx_syscfg.o
 .debug_info    0x0000379c     0x37cb ./system/src/stm32f0-stdperiph/stm32f0xx_tim.o
 .debug_info    0x00006f67     0x1b98 ./system/src/stm32f0-stdperiph/stm32f0xx_usart.o
 .debug_info    0x00008aff       0xef ./system/src/newlib/_exit.o
 .debug_info    0x00008bee      0x11f ./system/src/newlib/_sbrk.o
 .debug_info    0x00008d0d      0x455 ./system/src/newlib/_startup.o
 .debug_info    0x00009162      0x1c7 ./system/src/newlib/_syscalls.o
 .debug_info    0x00009329      0x1a3 ./system/src/newlib/assert.o
 .debug_info    0x000094cc      0x2e7 ./system/src/diag/Trace.o
 .debug_info    0x000097b3      0x2eb ./system/src/diag/trace_impl.o
 .debug_info    0x00009a9e       0xcb ./system/src/cortexm/_initialize_hardware.o
 .debug_info    0x00009b69      0x327 ./system/src/cortexm/exception_handlers.o
 .debug_info    0x00009e90      0x2f6 ./system/src/cmsis/system_stm32f0xx.o
 .debug_info    0x0000a186       0xd1 ./system/src/cmsis/vectors_stm32f0xx.o
 .debug_info    0x0000a257     0x23c2 ./src/main.o

.debug_abbrev   0x00000000     0x1acc
 *(.debug_abbrev)
 .debug_abbrev  0x00000000      0x1e1 ./system/src/stm32f0-stdperiph/stm32f0xx_exti.o
 .debug_abbrev  0x000001e1      0x1d6 ./system/src/stm32f0-stdperiph/stm32f0xx_gpio.o
 .debug_abbrev  0x000003b7      0x1be ./system/src/stm32f0-stdperiph/stm32f0xx_i2c.o
 .debug_abbrev  0x00000575      0x237 ./system/src/stm32f0-stdperiph/stm32f0xx_rcc.o
 .debug_abbrev  0x000007ac      0x185 ./system/src/stm32f0-stdperiph/stm32f0xx_syscfg.o
 .debug_abbrev  0x00000931      0x1b8 ./system/src/stm32f0-stdperiph/stm32f0xx_tim.o
 .debug_abbrev  0x00000ae9      0x1c9 ./system/src/stm32f0-stdperiph/stm32f0xx_usart.o
 .debug_abbrev  0x00000cb2       0x8e ./system/src/newlib/_exit.o
 .debug_abbrev  0x00000d40       0xb9 ./system/src/newlib/_sbrk.o
 .debug_abbrev  0x00000df9      0x1ac ./system/src/newlib/_startup.o
 .debug_abbrev  0x00000fa5       0xec ./system/src/newlib/_syscalls.o
 .debug_abbrev  0x00001091       0xab ./system/src/newlib/assert.o
 .debug_abbrev  0x0000113c      0x156 ./system/src/diag/Trace.o
 .debug_abbrev  0x00001292      0x1ae ./system/src/diag/trace_impl.o
 .debug_abbrev  0x00001440       0x63 ./system/src/cortexm/_initialize_hardware.o
 .debug_abbrev  0x000014a3      0x15c ./system/src/cortexm/exception_handlers.o
 .debug_abbrev  0x000015ff      0x148 ./system/src/cmsis/system_stm32f0xx.o
 .debug_abbrev  0x00001747       0x9d ./system/src/cmsis/vectors_stm32f0xx.o
 .debug_abbrev  0x000017e4      0x2e8 ./src/main.o

.debug_line     0x00000000     0x86a1
 *(.debug_line)
 .debug_line    0x00000000      0x566 ./system/src/stm32f0-stdperiph/stm32f0xx_exti.o
 .debug_line    0x00000566      0x740 ./system/src/stm32f0-stdperiph/stm32f0xx_gpio.o
 .debug_line    0x00000ca6      0xaed ./system/src/stm32f0-stdperiph/stm32f0xx_i2c.o
 .debug_line    0x00001793      0x9fd ./system/src/stm32f0-stdperiph/stm32f0xx_rcc.o
 .debug_line    0x00002190      0x64d ./system/src/stm32f0-stdperiph/stm32f0xx_syscfg.o
 .debug_line    0x000027dd     0x1cbe ./system/src/stm32f0-stdperiph/stm32f0xx_tim.o
 .debug_line    0x0000449b     0x114f ./system/src/stm32f0-stdperiph/stm32f0xx_usart.o
 .debug_line    0x000055ea      0x33d ./system/src/newlib/_exit.o
 .debug_line    0x00005927      0x2ed ./system/src/newlib/_sbrk.o
 .debug_line    0x00005c14      0x3a4 ./system/src/newlib/_startup.o
 .debug_line    0x00005fb8      0x40a ./system/src/newlib/_syscalls.o
 .debug_line    0x000063c2      0x378 ./system/src/newlib/assert.o
 .debug_line    0x0000673a      0x3ac ./system/src/diag/Trace.o
 .debug_line    0x00006ae6      0x62f ./system/src/diag/trace_impl.o
 .debug_line    0x00007115      0x382 ./system/src/cortexm/_initialize_hardware.o
 .debug_line    0x00007497      0x67e ./system/src/cortexm/exception_handlers.o
 .debug_line    0x00007b15      0x3c0 ./system/src/cmsis/system_stm32f0xx.o
 .debug_line    0x00007ed5      0x103 ./system/src/cmsis/vectors_stm32f0xx.o
 .debug_line    0x00007fd8      0x6c9 ./src/main.o

.debug_frame    0x00000000     0x2444
 *(.debug_frame)
 .debug_frame   0x00000000       0xc0 ./system/src/stm32f0-stdperiph/stm32f0xx_exti.o
 .debug_frame   0x000000c0      0x164 ./system/src/stm32f0-stdperiph/stm32f0xx_gpio.o
 .debug_frame   0x00000224      0x48c ./system/src/stm32f0-stdperiph/stm32f0xx_i2c.o
 .debug_frame   0x000006b0      0x3f8 ./system/src/stm32f0-stdperiph/stm32f0xx_rcc.o
 .debug_frame   0x00000aa8      0x104 ./system/src/stm32f0-stdperiph/stm32f0xx_syscfg.o
 .debug_frame   0x00000bac      0xa2c ./system/src/stm32f0-stdperiph/stm32f0xx_tim.o
 .debug_frame   0x000015d8      0x550 ./system/src/stm32f0-stdperiph/stm32f0xx_usart.o
 .debug_frame   0x00001b28       0x38 ./system/src/newlib/_exit.o
 .debug_frame   0x00001b60       0x28 ./system/src/newlib/_sbrk.o
 .debug_frame   0x00001b88       0x80 ./system/src/newlib/_startup.o
 .debug_frame   0x00001c08       0x50 ./system/src/newlib/_syscalls.o
 .debug_frame   0x00001c58       0x44 ./system/src/newlib/assert.o
 .debug_frame   0x00001c9c       0x78 ./system/src/diag/Trace.o
 .debug_frame   0x00001d14       0x60 ./system/src/diag/trace_impl.o
 .debug_frame   0x00001d74       0x40 ./system/src/cortexm/_initialize_hardware.o
 .debug_frame   0x00001db4       0xb0 ./system/src/cortexm/exception_handlers.o
 .debug_frame   0x00001e64       0x54 ./system/src/cmsis/system_stm32f0xx.o
 .debug_frame   0x00001eb8       0x20 ./system/src/cmsis/vectors_stm32f0xx.o
 .debug_frame   0x00001ed8      0x23c ./src/main.o
 .debug_frame   0x00002114       0x20 c:/program files (x86)/gnu tools arm embedded/5.4 2016q3/bin/../lib/gcc/arm-none-eabi/5.4.1/armv6-m\libgcc.a(_udivsi3.o)
 .debug_frame   0x00002134       0x20 c:/program files (x86)/gnu tools arm embedded/5.4 2016q3/bin/../lib/gcc/arm-none-eabi/5.4.1/armv6-m\libgcc.a(_divsi3.o)
 .debug_frame   0x00002154       0x20 c:/program files (x86)/gnu tools arm embedded/5.4 2016q3/bin/../lib/gcc/arm-none-eabi/5.4.1/armv6-m\libgcc.a(fixsfsi.o)
 .debug_frame   0x00002174       0x2c c:/program files (x86)/gnu tools arm embedded/5.4 2016q3/bin/../lib/gcc/arm-none-eabi/5.4.1/armv6-m\libgcc.a(floatsisf.o)
 .debug_frame   0x000021a0       0x20 c:/program files (x86)/gnu tools arm embedded/5.4 2016q3/bin/../lib/gcc/arm-none-eabi/5.4.1/../../../../arm-none-eabi/lib/armv6-m\libg_nano.a(lib_a-errno.o)
 .debug_frame   0x000021c0       0x48 c:/program files (x86)/gnu tools arm embedded/5.4 2016q3/bin/../lib/gcc/arm-none-eabi/5.4.1/../../../../arm-none-eabi/lib/armv6-m\libg_nano.a(lib_a-vsnprintf.o)
 .debug_frame   0x00002208       0x74 c:/program files (x86)/gnu tools arm embedded/5.4 2016q3/bin/../lib/gcc/arm-none-eabi/5.4.1/../../../../arm-none-eabi/lib/armv6-m\libg_nano.a(lib_a-nano-svfprintf.o)
 .debug_frame   0x0000227c       0x54 c:/program files (x86)/gnu tools arm embedded/5.4 2016q3/bin/../lib/gcc/arm-none-eabi/5.4.1/../../../../arm-none-eabi/lib/armv6-m\libg_nano.a(lib_a-nano-vfprintf_i.o)
 .debug_frame   0x000022d0       0x20 c:/program files (x86)/gnu tools arm embedded/5.4 2016q3/bin/../lib/gcc/arm-none-eabi/5.4.1/../../../../arm-none-eabi/lib/armv6-m\libg_nano.a(lib_a-memchr-stub.o)
 .debug_frame   0x000022f0       0x28 c:/program files (x86)/gnu tools arm embedded/5.4 2016q3/bin/../lib/gcc/arm-none-eabi/5.4.1/../../../../arm-none-eabi/lib/armv6-m\libg_nano.a(lib_a-memcpy-stub.o)
 .debug_frame   0x00002318       0x28 c:/program files (x86)/gnu tools arm embedded/5.4 2016q3/bin/../lib/gcc/arm-none-eabi/5.4.1/../../../../arm-none-eabi/lib/armv6-m\libg_nano.a(lib_a-memmove.o)
 .debug_frame   0x00002340       0x2c c:/program files (x86)/gnu tools arm embedded/5.4 2016q3/bin/../lib/gcc/arm-none-eabi/5.4.1/../../../../arm-none-eabi/lib/armv6-m\libg_nano.a(lib_a-nano-freer.o)
 .debug_frame   0x0000236c       0x2c c:/program files (x86)/gnu tools arm embedded/5.4 2016q3/bin/../lib/gcc/arm-none-eabi/5.4.1/../../../../arm-none-eabi/lib/armv6-m\libg_nano.a(lib_a-nano-mallocr.o)
 .debug_frame   0x00002398       0x30 c:/program files (x86)/gnu tools arm embedded/5.4 2016q3/bin/../lib/gcc/arm-none-eabi/5.4.1/../../../../arm-none-eabi/lib/armv6-m\libg_nano.a(lib_a-nano-reallocr.o)
 .debug_frame   0x000023c8       0x2c c:/program files (x86)/gnu tools arm embedded/5.4 2016q3/bin/../lib/gcc/arm-none-eabi/5.4.1/../../../../arm-none-eabi/lib/armv6-m\libg_nano.a(lib_a-sbrkr.o)
 .debug_frame   0x000023f4       0x30 c:/program files (x86)/gnu tools arm embedded/5.4 2016q3/bin/../lib/gcc/arm-none-eabi/5.4.1/../../../../arm-none-eabi/lib/armv6-m\libg_nano.a(lib_a-mlock.o)
 .debug_frame   0x00002424       0x20 c:/program files (x86)/gnu tools arm embedded/5.4 2016q3/bin/../lib/gcc/arm-none-eabi/5.4.1/../../../../arm-none-eabi/lib/armv6-m\libg_nano.a(lib_a-nano-msizer.o)

.debug_str      0x00000000    0x5361b
 *(.debug_str)
 .debug_str     0x00000000    0x49aaf ./system/src/stm32f0-stdperiph/stm32f0xx_exti.o
                              0x49c34 (size before relaxing)
 .debug_str     0x00049aaf      0x2ec ./system/src/stm32f0-stdperiph/stm32f0xx_gpio.o
                              0x49d5f (size before relaxing)
 .debug_str     0x00049d9b      0x55f ./system/src/stm32f0-stdperiph/stm32f0xx_i2c.o
                              0x49fca (size before relaxing)
 .debug_str     0x0004a2fa      0x637 ./system/src/stm32f0-stdperiph/stm32f0xx_rcc.o
                              0x4a109 (size before relaxing)
 .debug_str     0x0004a931      0x1db ./system/src/stm32f0-stdperiph/stm32f0xx_syscfg.o
                              0x49c40 (size before relaxing)
 .debug_str     0x0004ab0c      0xc35 ./system/src/stm32f0-stdperiph/stm32f0xx_tim.o
                              0x4a74a (size before relaxing)
 .debug_str     0x0004b741      0x804 ./system/src/stm32f0-stdperiph/stm32f0xx_usart.o
                              0x4a3b1 (size before relaxing)
 .debug_str     0x0004bf45     0x482f ./system/src/newlib/_exit.o
                               0x6d7f (size before relaxing)
 .debug_str     0x00050774      0x4de ./system/src/newlib/_sbrk.o
                               0x616a (size before relaxing)
 .debug_str     0x00050c52      0x266 ./system/src/newlib/_startup.o
                               0x5d1f (size before relaxing)
 .debug_str     0x00050eb8      0xe18 ./system/src/newlib/_syscalls.o
                               0x6fca (size before relaxing)
 .debug_str     0x00051cd0       0xd5 ./system/src/newlib/assert.o
                               0x7884 (size before relaxing)
 .debug_str     0x00051da5      0x883 ./system/src/diag/Trace.o
                               0x756f (size before relaxing)
 .debug_str     0x00052628      0x381 ./system/src/diag/trace_impl.o
                              0x4d951 (size before relaxing)
 .debug_str     0x000529a9       0x4e ./system/src/cortexm/_initialize_hardware.o
                              0x49a8c (size before relaxing)
 .debug_str     0x000529f7      0x109 ./system/src/cortexm/exception_handlers.o
                              0x4e3a5 (size before relaxing)
 .debug_str     0x00052b00       0x5e ./system/src/cmsis/system_stm32f0xx.o
                              0x49b3a (size before relaxing)
 .debug_str     0x00052b5e       0x56 ./system/src/cmsis/vectors_stm32f0xx.o
                               0x2f39 (size before relaxing)
 .debug_str     0x00052bb4      0xa67 ./src/main.o
                              0x4ac5a (size before relaxing)

.debug_loc      0x00000000     0x7155
 *(.debug_loc)
 .debug_loc     0x00000000      0x1a7 ./system/src/stm32f0-stdperiph/stm32f0xx_exti.o
 .debug_loc     0x000001a7      0x51a ./system/src/stm32f0-stdperiph/stm32f0xx_gpio.o
 .debug_loc     0x000006c1     0x1006 ./system/src/stm32f0-stdperiph/stm32f0xx_i2c.o
 .debug_loc     0x000016c7      0xc03 ./system/src/stm32f0-stdperiph/stm32f0xx_rcc.o
 .debug_loc     0x000022ca      0x277 ./system/src/stm32f0-stdperiph/stm32f0xx_syscfg.o
 .debug_loc     0x00002541     0x281e ./system/src/stm32f0-stdperiph/stm32f0xx_tim.o
 .debug_loc     0x00004d5f     0x1436 ./system/src/stm32f0-stdperiph/stm32f0xx_usart.o
 .debug_loc     0x00006195       0x7b ./system/src/newlib/_sbrk.o
 .debug_loc     0x00006210      0x265 ./system/src/newlib/_startup.o
 .debug_loc     0x00006475       0x63 ./system/src/newlib/_syscalls.o
 .debug_loc     0x000064d8       0xef ./system/src/newlib/assert.o
 .debug_loc     0x000065c7      0x102 ./system/src/diag/Trace.o
 .debug_loc     0x000066c9      0x17c ./system/src/diag/trace_impl.o
 .debug_loc     0x00006845       0x94 ./system/src/cortexm/exception_handlers.o
 .debug_loc     0x000068d9      0x11f ./system/src/cmsis/system_stm32f0xx.o
 .debug_loc     0x000069f8      0x75d ./src/main.o

.debug_macinfo
 *(.debug_macinfo)

.debug_weaknames
 *(.debug_weaknames)

.debug_funcnames
 *(.debug_funcnames)

.debug_typenames
 *(.debug_typenames)

.debug_varnames
 *(.debug_varnames)
OUTPUT(Base Motion Measurement.elf elf32-littlearm)

.debug_ranges   0x00000000      0xa88
 .debug_ranges  0x00000000       0x48 ./system/src/stm32f0-stdperiph/stm32f0xx_exti.o
 .debug_ranges  0x00000048       0x70 ./system/src/stm32f0-stdperiph/stm32f0xx_gpio.o
 .debug_ranges  0x000000b8      0x158 ./system/src/stm32f0-stdperiph/stm32f0xx_i2c.o
 .debug_ranges  0x00000210      0x150 ./system/src/stm32f0-stdperiph/stm32f0xx_rcc.o
 .debug_ranges  0x00000360       0x58 ./system/src/stm32f0-stdperiph/stm32f0xx_syscfg.o
 .debug_ranges  0x000003b8      0x2f0 ./system/src/stm32f0-stdperiph/stm32f0xx_tim.o
 .debug_ranges  0x000006a8      0x190 ./system/src/stm32f0-stdperiph/stm32f0xx_usart.o
 .debug_ranges  0x00000838       0x18 ./system/src/newlib/_exit.o
 .debug_ranges  0x00000850       0x10 ./system/src/newlib/_sbrk.o
 .debug_ranges  0x00000860       0x48 ./system/src/newlib/_startup.o
 .debug_ranges  0x000008a8       0x20 ./system/src/newlib/_syscalls.o
 .debug_ranges  0x000008c8       0x18 ./system/src/newlib/assert.o
 .debug_ranges  0x000008e0       0x28 ./system/src/diag/Trace.o
 .debug_ranges  0x00000908       0x38 ./system/src/diag/trace_impl.o
 .debug_ranges  0x00000940       0x18 ./system/src/cortexm/_initialize_hardware.o
 .debug_ranges  0x00000958       0x48 ./system/src/cortexm/exception_handlers.o
 .debug_ranges  0x000009a0       0x20 ./system/src/cmsis/system_stm32f0xx.o
 .debug_ranges  0x000009c0       0x10 ./system/src/cmsis/vectors_stm32f0xx.o
 .debug_ranges  0x000009d0       0xb8 ./src/main.o

.debug_macro    0x00000000     0xf987
 .debug_macro   0x00000000      0x16b ./system/src/stm32f0-stdperiph/stm32f0xx_exti.o
 .debug_macro   0x0000016b      0x83e ./system/src/stm32f0-stdperiph/stm32f0xx_exti.o
 .debug_macro   0x000009a9       0x7a ./system/src/stm32f0-stdperiph/stm32f0xx_exti.o
 .debug_macro   0x00000a23      0x34e ./system/src/stm32f0-stdperiph/stm32f0xx_exti.o
 .debug_macro   0x00000d71       0x35 ./system/src/stm32f0-stdperiph/stm32f0xx_exti.o
 .debug_macro   0x00000da6       0x26 ./system/src/stm32f0-stdperiph/stm32f0xx_exti.o
 .debug_macro   0x00000dcc      0x30d ./system/src/stm32f0-stdperiph/stm32f0xx_exti.o
 .debug_macro   0x000010d9     0x631c ./system/src/stm32f0-stdperiph/stm32f0xx_exti.o
 .debug_macro   0x000073f5      0x2eb ./system/src/stm32f0-stdperiph/stm32f0xx_exti.o
 .debug_macro   0x000076e0      0x3cf ./system/src/stm32f0-stdperiph/stm32f0xx_exti.o
 .debug_macro   0x00007aaf      0x191 ./system/src/stm32f0-stdperiph/stm32f0xx_exti.o
 .debug_macro   0x00007c40       0x46 ./system/src/stm32f0-stdperiph/stm32f0xx_exti.o
 .debug_macro   0x00007c86       0xd9 ./system/src/stm32f0-stdperiph/stm32f0xx_exti.o
 .debug_macro   0x00007d5f       0xef ./system/src/stm32f0-stdperiph/stm32f0xx_exti.o
 .debug_macro   0x00007e4e      0x184 ./system/src/stm32f0-stdperiph/stm32f0xx_exti.o
 .debug_macro   0x00007fd2       0x7c ./system/src/stm32f0-stdperiph/stm32f0xx_exti.o
 .debug_macro   0x0000804e      0x85b ./system/src/stm32f0-stdperiph/stm32f0xx_exti.o
 .debug_macro   0x000088a9      0x240 ./system/src/stm32f0-stdperiph/stm32f0xx_exti.o
 .debug_macro   0x00008ae9      0x185 ./system/src/stm32f0-stdperiph/stm32f0xx_exti.o
 .debug_macro   0x00008c6e      0x471 ./system/src/stm32f0-stdperiph/stm32f0xx_exti.o
 .debug_macro   0x000090df      0x2a0 ./system/src/stm32f0-stdperiph/stm32f0xx_exti.o
 .debug_macro   0x0000937f       0x70 ./system/src/stm32f0-stdperiph/stm32f0xx_exti.o
 .debug_macro   0x000093ef       0xdf ./system/src/stm32f0-stdperiph/stm32f0xx_exti.o
 .debug_macro   0x000094ce      0x522 ./system/src/stm32f0-stdperiph/stm32f0xx_exti.o
 .debug_macro   0x000099f0      0x4c5 ./system/src/stm32f0-stdperiph/stm32f0xx_exti.o
 .debug_macro   0x00009eb5      0x396 ./system/src/stm32f0-stdperiph/stm32f0xx_exti.o
 .debug_macro   0x0000a24b      0x750 ./system/src/stm32f0-stdperiph/stm32f0xx_exti.o
 .debug_macro   0x0000a99b      0x356 ./system/src/stm32f0-stdperiph/stm32f0xx_exti.o
 .debug_macro   0x0000acf1       0x34 ./system/src/stm32f0-stdperiph/stm32f0xx_exti.o
 .debug_macro   0x0000ad25       0x3a ./system/src/stm32f0-stdperiph/stm32f0xx_exti.o
 .debug_macro   0x0000ad5f       0xcf ./system/src/stm32f0-stdperiph/stm32f0xx_exti.o
 .debug_macro   0x0000ae2e      0x165 ./system/src/stm32f0-stdperiph/stm32f0xx_gpio.o
 .debug_macro   0x0000af93       0xd5 ./system/src/stm32f0-stdperiph/stm32f0xx_gpio.o
 .debug_macro   0x0000b068      0x17f ./system/src/stm32f0-stdperiph/stm32f0xx_gpio.o
 .debug_macro   0x0000b1e7      0x183 ./system/src/stm32f0-stdperiph/stm32f0xx_i2c.o
 .debug_macro   0x0000b36a      0x29a ./system/src/stm32f0-stdperiph/stm32f0xx_i2c.o
 .debug_macro   0x0000b604      0x183 ./system/src/stm32f0-stdperiph/stm32f0xx_rcc.o
 .debug_macro   0x0000b787      0x51c ./system/src/stm32f0-stdperiph/stm32f0xx_rcc.o
 .debug_macro   0x0000bca3      0x165 ./system/src/stm32f0-stdperiph/stm32f0xx_syscfg.o
 .debug_macro   0x0000be08      0x46b ./system/src/stm32f0-stdperiph/stm32f0xx_syscfg.o
 .debug_macro   0x0000c273      0x181 ./system/src/stm32f0-stdperiph/stm32f0xx_tim.o
 .debug_macro   0x0000c3f4      0x74a ./system/src/stm32f0-stdperiph/stm32f0xx_tim.o
 .debug_macro   0x0000cb3e      0x17d ./system/src/stm32f0-stdperiph/stm32f0xx_usart.o
 .debug_macro   0x0000ccbb      0x350 ./system/src/stm32f0-stdperiph/stm32f0xx_usart.o
 .debug_macro   0x0000d00b      0x19c ./system/src/newlib/_exit.o
 .debug_macro   0x0000d1a7       0x9c ./system/src/newlib/_exit.o
 .debug_macro   0x0000d243      0x10e ./system/src/newlib/_exit.o
 .debug_macro   0x0000d351       0x8d ./system/src/newlib/_exit.o
 .debug_macro   0x0000d3de       0x43 ./system/src/newlib/_exit.o
 .debug_macro   0x0000d421      0x30d ./system/src/newlib/_exit.o
 .debug_macro   0x0000d72e       0x35 ./system/src/newlib/_exit.o
 .debug_macro   0x0000d763      0x151 ./system/src/newlib/_sbrk.o
 .debug_macro   0x0000d8b4      0x174 ./system/src/newlib/_sbrk.o
 .debug_macro   0x0000da28       0x10 ./system/src/newlib/_sbrk.o
 .debug_macro   0x0000da38      0x23b ./system/src/newlib/_sbrk.o
 .debug_macro   0x0000dc73      0x15b ./system/src/newlib/_startup.o
 .debug_macro   0x0000ddce      0x1ff ./system/src/newlib/_syscalls.o
 .debug_macro   0x0000dfcd       0x1c ./system/src/newlib/_syscalls.o
 .debug_macro   0x0000dfe9       0x10 ./system/src/newlib/_syscalls.o
 .debug_macro   0x0000dff9       0x10 ./system/src/newlib/_syscalls.o
 .debug_macro   0x0000e009       0x10 ./system/src/newlib/_syscalls.o
 .debug_macro   0x0000e019       0x35 ./system/src/newlib/_syscalls.o
 .debug_macro   0x0000e04e      0x122 ./system/src/newlib/_syscalls.o
 .debug_macro   0x0000e170       0x88 ./system/src/newlib/_syscalls.o
 .debug_macro   0x0000e1f8       0x2b ./system/src/newlib/_syscalls.o
 .debug_macro   0x0000e223      0x118 ./system/src/newlib/_syscalls.o
 .debug_macro   0x0000e33b      0x159 ./system/src/newlib/_syscalls.o
 .debug_macro   0x0000e494       0x16 ./system/src/newlib/_syscalls.o
 .debug_macro   0x0000e4aa      0x1b8 ./system/src/newlib/assert.o
 .debug_macro   0x0000e662       0x1c ./system/src/newlib/assert.o
 .debug_macro   0x0000e67e      0x1d9 ./system/src/diag/Trace.o
 .debug_macro   0x0000e857       0x16 ./system/src/diag/Trace.o
 .debug_macro   0x0000e86d       0x97 ./system/src/diag/Trace.o
 .debug_macro   0x0000e904       0xfd ./system/src/diag/Trace.o
 .debug_macro   0x0000ea01       0x10 ./system/src/diag/Trace.o
 .debug_macro   0x0000ea11       0x16 ./system/src/diag/Trace.o
 .debug_macro   0x0000ea27      0x18b ./system/src/diag/Trace.o
 .debug_macro   0x0000ebb2       0x4c ./system/src/diag/Trace.o
 .debug_macro   0x0000ebfe       0x16 ./system/src/diag/Trace.o
 .debug_macro   0x0000ec14      0x2bc ./system/src/diag/trace_impl.o
 .debug_macro   0x0000eed0       0x10 ./system/src/diag/trace_impl.o
 .debug_macro   0x0000eee0       0xcf ./system/src/diag/trace_impl.o
 .debug_macro   0x0000efaf       0xbe ./system/src/diag/trace_impl.o
 .debug_macro   0x0000f06d       0x22 ./system/src/diag/trace_impl.o
 .debug_macro   0x0000f08f      0x165 ./system/src/cortexm/_initialize_hardware.o
 .debug_macro   0x0000f1f4      0x2fc ./system/src/cortexm/exception_handlers.o
 .debug_macro   0x0000f4f0       0x3b ./system/src/cortexm/exception_handlers.o
 .debug_macro   0x0000f52b       0x10 ./system/src/cortexm/exception_handlers.o
 .debug_macro   0x0000f53b      0x15b ./system/src/cmsis/system_stm32f0xx.o
 .debug_macro   0x0000f696       0x34 ./system/src/cmsis/vectors_stm32f0xx.o
 .debug_macro   0x0000f6ca      0x2bd ./src/main.o
